// Jest Snapshot v1, https://goo.gl/fbAQLP

exports[`quote table renders correctly 1`] = `
ShallowWrapper {
  "length": 1,
  Symbol(enzyme.__root__): [Circular],
  Symbol(enzyme.__unrendered__): <Title />,
  Symbol(enzyme.__renderer__): Object {
    "batchedUpdates": [Function],
    "getNode": [Function],
    "render": [Function],
    "simulateEvent": [Function],
    "unmount": [Function],
  },
  Symbol(enzyme.__node__): Object {
    "instance": null,
    "key": undefined,
    "nodeType": "host",
    "props": Object {
      "children": <span
        className="ui header center aligned"
>
        <div>
                <img
                        className="ui centered aligned circular image medium"
                        id="ron_image"
                        src="ronavatar.jpg"
                />
        </div>
        <h2>
                Rate Ron's Quotes
        </h2>
</span>,
    },
    "ref": null,
    "rendered": Object {
      "instance": null,
      "key": undefined,
      "nodeType": "host",
      "props": Object {
        "children": Array [
          <div>
            <img
                        className="ui centered aligned circular image medium"
                        id="ron_image"
                        src="ronavatar.jpg"
            />
</div>,
          <h2>
            Rate Ron's Quotes
</h2>,
        ],
        "className": "ui header center aligned",
      },
      "ref": null,
      "rendered": Array [
        Object {
          "instance": null,
          "key": undefined,
          "nodeType": "host",
          "props": Object {
            "children": <img
              className="ui centered aligned circular image medium"
              id="ron_image"
              src="ronavatar.jpg"
/>,
          },
          "ref": null,
          "rendered": Object {
            "instance": null,
            "key": undefined,
            "nodeType": "host",
            "props": Object {
              "className": "ui centered aligned circular image medium",
              "id": "ron_image",
              "src": "ronavatar.jpg",
            },
            "ref": null,
            "rendered": null,
            "type": "img",
          },
          "type": "div",
        },
        Object {
          "instance": null,
          "key": undefined,
          "nodeType": "host",
          "props": Object {
            "children": "Rate Ron's Quotes",
          },
          "ref": null,
          "rendered": "Rate Ron's Quotes",
          "type": "h2",
        },
      ],
      "type": "span",
    },
    "type": "div",
  },
  Symbol(enzyme.__nodes__): Array [
    Object {
      "instance": null,
      "key": undefined,
      "nodeType": "host",
      "props": Object {
        "children": <span
          className="ui header center aligned"
>
          <div>
                    <img
                              className="ui centered aligned circular image medium"
                              id="ron_image"
                              src="ronavatar.jpg"
                    />
          </div>
          <h2>
                    Rate Ron's Quotes
          </h2>
</span>,
      },
      "ref": null,
      "rendered": Object {
        "instance": null,
        "key": undefined,
        "nodeType": "host",
        "props": Object {
          "children": Array [
            <div>
              <img
                            className="ui centered aligned circular image medium"
                            id="ron_image"
                            src="ronavatar.jpg"
              />
</div>,
            <h2>
              Rate Ron's Quotes
</h2>,
          ],
          "className": "ui header center aligned",
        },
        "ref": null,
        "rendered": Array [
          Object {
            "instance": null,
            "key": undefined,
            "nodeType": "host",
            "props": Object {
              "children": <img
                className="ui centered aligned circular image medium"
                id="ron_image"
                src="ronavatar.jpg"
/>,
            },
            "ref": null,
            "rendered": Object {
              "instance": null,
              "key": undefined,
              "nodeType": "host",
              "props": Object {
                "className": "ui centered aligned circular image medium",
                "id": "ron_image",
                "src": "ronavatar.jpg",
              },
              "ref": null,
              "rendered": null,
              "type": "img",
            },
            "type": "div",
          },
          Object {
            "instance": null,
            "key": undefined,
            "nodeType": "host",
            "props": Object {
              "children": "Rate Ron's Quotes",
            },
            "ref": null,
            "rendered": "Rate Ron's Quotes",
            "type": "h2",
          },
        ],
        "type": "span",
      },
      "type": "div",
    },
  ],
  Symbol(enzyme.__options__): Object {
    "adapter": ReactSixteenAdapter {
      "options": Object {
        "enableComponentDidUpdateOnSetState": true,
      },
    },
  },
}
`;

exports[`title renders correctly 1`] = `
ShallowWrapper {
  "length": 1,
  Symbol(enzyme.__root__): [Circular],
  Symbol(enzyme.__unrendered__): <Title />,
  Symbol(enzyme.__renderer__): Object {
    "batchedUpdates": [Function],
    "getNode": [Function],
    "render": [Function],
    "simulateEvent": [Function],
    "unmount": [Function],
  },
  Symbol(enzyme.__node__): Object {
    "instance": null,
    "key": undefined,
    "nodeType": "host",
    "props": Object {
      "children": <span
        className="ui header center aligned"
>
        <div>
                <img
                        className="ui centered aligned circular image medium"
                        id="ron_image"
                        src="ronavatar.jpg"
                />
        </div>
        <h2>
                Rate Ron's Quotes
        </h2>
</span>,
    },
    "ref": null,
    "rendered": Object {
      "instance": null,
      "key": undefined,
      "nodeType": "host",
      "props": Object {
        "children": Array [
          <div>
            <img
                        className="ui centered aligned circular image medium"
                        id="ron_image"
                        src="ronavatar.jpg"
            />
</div>,
          <h2>
            Rate Ron's Quotes
</h2>,
        ],
        "className": "ui header center aligned",
      },
      "ref": null,
      "rendered": Array [
        Object {
          "instance": null,
          "key": undefined,
          "nodeType": "host",
          "props": Object {
            "children": <img
              className="ui centered aligned circular image medium"
              id="ron_image"
              src="ronavatar.jpg"
/>,
          },
          "ref": null,
          "rendered": Object {
            "instance": null,
            "key": undefined,
            "nodeType": "host",
            "props": Object {
              "className": "ui centered aligned circular image medium",
              "id": "ron_image",
              "src": "ronavatar.jpg",
            },
            "ref": null,
            "rendered": null,
            "type": "img",
          },
          "type": "div",
        },
        Object {
          "instance": null,
          "key": undefined,
          "nodeType": "host",
          "props": Object {
            "children": "Rate Ron's Quotes",
          },
          "ref": null,
          "rendered": "Rate Ron's Quotes",
          "type": "h2",
        },
      ],
      "type": "span",
    },
    "type": "div",
  },
  Symbol(enzyme.__nodes__): Array [
    Object {
      "instance": null,
      "key": undefined,
      "nodeType": "host",
      "props": Object {
        "children": <span
          className="ui header center aligned"
>
          <div>
                    <img
                              className="ui centered aligned circular image medium"
                              id="ron_image"
                              src="ronavatar.jpg"
                    />
          </div>
          <h2>
                    Rate Ron's Quotes
          </h2>
</span>,
      },
      "ref": null,
      "rendered": Object {
        "instance": null,
        "key": undefined,
        "nodeType": "host",
        "props": Object {
          "children": Array [
            <div>
              <img
                            className="ui centered aligned circular image medium"
                            id="ron_image"
                            src="ronavatar.jpg"
              />
</div>,
            <h2>
              Rate Ron's Quotes
</h2>,
          ],
          "className": "ui header center aligned",
        },
        "ref": null,
        "rendered": Array [
          Object {
            "instance": null,
            "key": undefined,
            "nodeType": "host",
            "props": Object {
              "children": <img
                className="ui centered aligned circular image medium"
                id="ron_image"
                src="ronavatar.jpg"
/>,
            },
            "ref": null,
            "rendered": Object {
              "instance": null,
              "key": undefined,
              "nodeType": "host",
              "props": Object {
                "className": "ui centered aligned circular image medium",
                "id": "ron_image",
                "src": "ronavatar.jpg",
              },
              "ref": null,
              "rendered": null,
              "type": "img",
            },
            "type": "div",
          },
          Object {
            "instance": null,
            "key": undefined,
            "nodeType": "host",
            "props": Object {
              "children": "Rate Ron's Quotes",
            },
            "ref": null,
            "rendered": "Rate Ron's Quotes",
            "type": "h2",
          },
        ],
        "type": "span",
      },
      "type": "div",
    },
  ],
  Symbol(enzyme.__options__): Object {
    "adapter": ReactSixteenAdapter {
      "options": Object {
        "enableComponentDidUpdateOnSetState": true,
      },
    },
  },
}
`;
